2025-07-24 04:05:02 v-update-sys-vesta  'vesta' [Error 19]
2025-07-24 04:05:03 v-update-sys-vesta  'vesta-nginx' [Error 19]
2025-07-24 04:05:04 v-update-sys-vesta  'vesta-php' [Error 19]
2025-07-25 04:05:02 v-update-sys-vesta  'vesta' [Error 19]
2025-07-25 04:05:02 v-update-sys-vesta  'vesta-nginx' [Error 19]
2025-07-25 04:05:03 v-update-sys-vesta  'vesta-php' [Error 19]
2025-07-26 04:05:02 v-update-sys-vesta  'vesta' [Error 19]
2025-07-26 04:05:03 v-update-sys-vesta  'vesta-nginx' [Error 19]
2025-07-26 04:05:03 v-update-sys-vesta  'vesta-php' [Error 19]
2025-07-27 04:05:02 v-update-sys-vesta  'vesta' [Error 19]
2025-07-27 04:05:03 v-update-sys-vesta  'vesta-nginx' [Error 19]
2025-07-27 04:05:04 v-update-sys-vesta  'vesta-php' [Error 19]
2025-07-28 04:05:43 v-update-sys-vesta  'vesta' [Error 19]
2025-07-28 04:05:43 v-update-sys-vesta  'vesta-nginx' [Error 19]
2025-07-28 04:05:43 v-update-sys-vesta  'vesta-php' [Error 19]
2025-07-29 04:05:02 v-update-sys-vesta  'vesta' [Error 19]
2025-07-29 04:05:03 v-update-sys-vesta  'vesta-nginx' [Error 19]
2025-07-29 04:05:04 v-update-sys-vesta  'vesta-php' [Error 19]
2025-07-30 11:16:47 v-restart-proxy  [Error 20]
2025-07-30 11:20:37 v-restart-proxy  [Error 20]
2025-07-30 11:27:28 v-restart-proxy  [Error 20]
2025-07-30 11:28:44 v-add-letsencrypt-domain  'admin' 'test1.com' 'www.test1.com' 'yes' [Error 15]
2025-07-30 11:28:50 v-restart-proxy  'yes' [Error 20]
2025-07-30 11:28:50 v-change-web-domain-proxy-tpl  'admin' 'test1.com' 'force-https' 'jpeg,jpg,png,gif,bmp,ico,svg,tif,tiff,css,js,ttf,otf,webp,txt,csv,rtf,doc,docx,xls,xlsx,ppt,pptx,odf,odp,ods,odt,pdf,psd,ai,eot,eps,ps,zip,tar,tgz,gz,rar,bz2,7z,aac,m4a,mp3,mp4,ogg,wav,wma,3gp,avi,flv,m4v,mkv,mov,mpeg,mpg,wmv,exe,iso,dmg,swf,woff,woff2' 'yes' [Error 20]
