-----------------------------------------------------------------------------------
[Wed Jul 30 11:27:17 UTC 2025] : v-add-letsencrypt-domain test1.com [www.test1.com]
[Wed Jul 30 11:27:17 UTC 2025] : v-add-letsencrypt-user admin
[Wed Jul 30 11:27:21 UTC 2025] : result: 0
[Wed Jul 30 11:27:21 UTC 2025] : --- Requesting nonce / STEP 1 ---
[Wed Jul 30 11:27:21 UTC 2025] : curl -s -I "https://acme-v02.api.letsencrypt.org/directory"
[Wed Jul 30 11:27:22 UTC 2025] : answer=HTTP/2 200 
server: nginx
date: Wed, 30 Jul 2025 11:27:21 GMT
content-type: application/json
content-length: 995
cache-control: public, max-age=0, no-cache
replay-nonce: var7yfTFbSFP4Z_E0pCzUIddiXqv2Q_VIlnuGlCQ3nU02c45gGY
x-frame-options: DENY
strict-transport-security: max-age=604800

[Wed Jul 30 11:27:22 UTC 2025] : nonce=var7yfTFbSFP4Z_E0pCzUIddiXqv2Q_VIlnuGlCQ3nU02c45gGY
[Wed Jul 30 11:27:22 UTC 2025] : status=200
[Wed Jul 30 11:27:22 UTC 2025] : --- Placing new order / STEP 2 ---
[Wed Jul 30 11:27:22 UTC 2025] : payload={"identifiers":[{"type":"dns","value":"test1.com"},{"type":"dns","value":"www.test1.com"}]}
[Wed Jul 30 11:27:22 UTC 2025] : query_le_v2 "https://acme-v02.api.letsencrypt.org/acme/new-order" "{"identifiers":[{"type":"dns","value":"test1.com"},{"type":"dns","value":"www.test1.com"}]}" "var7yfTFbSFP4Z_E0pCzUIddiXqv2Q_VIlnuGlCQ3nU02c45gGY"
[Wed Jul 30 11:27:22 UTC 2025] : answer=HTTP/2 201 
server: nginx
date: Wed, 30 Jul 2025 11:27:22 GMT
content-type: application/json
content-length: 487
boulder-requester: 2562754181
cache-control: public, max-age=0, no-cache
link: <https://acme-v02.api.letsencrypt.org/directory>;rel="index"
location: https://acme-v02.api.letsencrypt.org/acme/order/2562754181/412522016041
replay-nonce: var7yfTFVkQERgffOVO1cv49OucHcekMdGPgW5ZgNzG-A786Q2s
x-frame-options: DENY
strict-transport-security: max-age=604800

{
  "status": "pending",
  "expires": "2025-08-06T11:27:22Z",
  "identifiers": [
    {
      "type": "dns",
      "value": "test1.com"
    },
    {
      "type": "dns",
      "value": "www.test1.com"
    }
  ],
  "authorizations": [
    "https://acme-v02.api.letsencrypt.org/acme/authz/2562754181/561245122701",
    "https://acme-v02.api.letsencrypt.org/acme/authz/2562754181/561245122781"
  ],
  "finalize": "https://acme-v02.api.letsencrypt.org/acme/finalize/2562754181/412522016041"
}
[Wed Jul 30 11:27:22 UTC 2025] : nonce=var7yfTFVkQERgffOVO1cv49OucHcekMdGPgW5ZgNzG-A786Q2s
[Wed Jul 30 11:27:22 UTC 2025] : authz=https://acme-v02.api.letsencrypt.org/acme/authz/2562754181/561245122701
https://acme-v02.api.letsencrypt.org/acme/authz/2562754181/561245122781
[Wed Jul 30 11:27:22 UTC 2025] : finalize=https://acme-v02.api.letsencrypt.org/acme/finalize/2562754181/412522016041
[Wed Jul 30 11:27:22 UTC 2025] : order=https://acme-v02.api.letsencrypt.org/acme/order/2562754181/412522016041
[Wed Jul 30 11:27:22 UTC 2025] : status=201
[Wed Jul 30 11:27:22 UTC 2025] : validation=pending
[Wed Jul 30 11:27:22 UTC 2025] : --- Requesting authorization token / STEP 3 ---
[Wed Jul 30 11:27:22 UTC 2025] : for auth=https://acme-v02.api.letsencrypt.org/acme/authz/2562754181/561245122701
[Wed Jul 30 11:27:22 UTC 2025] : query_le_v2 "https://acme-v02.api.letsencrypt.org/acme/authz/2562754181/561245122701" "" "var7yfTFVkQERgffOVO1cv49OucHcekMdGPgW5ZgNzG-A786Q2s"
[Wed Jul 30 11:27:23 UTC 2025] : answer=HTTP/2 200 
server: nginx
date: Wed, 30 Jul 2025 11:27:23 GMT
content-type: application/json
content-length: 817
boulder-requester: 2562754181
cache-control: public, max-age=0, no-cache
link: <https://acme-v02.api.letsencrypt.org/directory>;rel="index"
replay-nonce: var7yfTFtfktBwI6Za3_hnwE3l-m0DaR38uJbxkL950hBwlEbLQ
x-frame-options: DENY
strict-transport-security: max-age=604800

{
  "identifier": {
    "type": "dns",
    "value": "test1.com"
  },
  "status": "pending",
  "expires": "2025-08-06T11:27:22Z",
  "challenges": [
    {
      "type": "http-01",
      "url": "https://acme-v02.api.letsencrypt.org/acme/chall/2562754181/561245122701/VdMSRw",
      "status": "pending",
      "token": "WkpHNCmol9Dsi2VV_1DQ4mHMfObNPREpmneuynhbqCk"
    },
    {
      "type": "tls-alpn-01",
      "url": "https://acme-v02.api.letsencrypt.org/acme/chall/2562754181/561245122701/-umsHA",
      "status": "pending",
      "token": "WkpHNCmol9Dsi2VV_1DQ4mHMfObNPREpmneuynhbqCk"
    },
    {
      "type": "dns-01",
      "url": "https://acme-v02.api.letsencrypt.org/acme/chall/2562754181/561245122701/J4182A",
      "status": "pending",
      "token": "WkpHNCmol9Dsi2VV_1DQ4mHMfObNPREpmneuynhbqCk"
    }
  ]
}
[Wed Jul 30 11:27:23 UTC 2025] : url=https://acme-v02.api.letsencrypt.org/acme/chall/2562754181/561245122701/VdMSRw
[Wed Jul 30 11:27:23 UTC 2025] : token=WkpHNCmol9Dsi2VV_1DQ4mHMfObNPREpmneuynhbqCk
[Wed Jul 30 11:27:23 UTC 2025] : nonce=var7yfTFtfktBwI6Za3_hnwE3l-m0DaR38uJbxkL950hBwlEbLQ
[Wed Jul 30 11:27:23 UTC 2025] : status=200
[Wed Jul 30 11:27:23 UTC 2025] : --- Configuring challenge / STEP 4 ---
[Wed Jul 30 11:27:23 UTC 2025] : wildcard=
[Wed Jul 30 11:27:23 UTC 2025] : in /home/admin/conf/web/nginx.test1.com.conf_letsencrypt we put: XDIv-D2MXudJEfTLwc_i2eOLfFXAkDoDLsJhdVf_ing
[Wed Jul 30 11:27:23 UTC 2025] : v-restart-proxy
[Wed Jul 30 11:27:28 UTC 2025] : --- Requesting ACME validation / STEP 5 ---
[Wed Jul 30 11:27:28 UTC 2025] : validation_check=
[Wed Jul 30 11:27:28 UTC 2025] : ----------------------- Doing pol check on status, counter $i=0 -----------------------
[Wed Jul 30 11:27:28 UTC 2025] : query_le_v2 "https://acme-v02.api.letsencrypt.org/acme/chall/2562754181/561245122701/VdMSRw" "{}" "var7yfTFtfktBwI6Za3_hnwE3l-m0DaR38uJbxkL950hBwlEbLQ"
[Wed Jul 30 11:27:29 UTC 2025] : answer=HTTP/2 200 
server: nginx
date: Wed, 30 Jul 2025 11:27:29 GMT
content-type: application/json
content-length: 195
boulder-requester: 2562754181
cache-control: public, max-age=0, no-cache
link: <https://acme-v02.api.letsencrypt.org/directory>;rel="index"
link: <https://acme-v02.api.letsencrypt.org/acme/authz/2562754181/561245122701>;rel="up"
location: https://acme-v02.api.letsencrypt.org/acme/chall/2562754181/561245122701/VdMSRw
replay-nonce: KvFqvPaFOvq1h5NHqzOn4QXZ65eBB35PsGVXsfXDKJlc-Ur-NjA
x-frame-options: DENY
strict-transport-security: max-age=604800

{
  "type": "http-01",
  "url": "https://acme-v02.api.letsencrypt.org/acme/chall/2562754181/561245122701/VdMSRw",
  "status": "pending",
  "token": "WkpHNCmol9Dsi2VV_1DQ4mHMfObNPREpmneuynhbqCk"
}
[Wed Jul 30 11:27:29 UTC 2025] : url2=https://acme-v02.api.letsencrypt.org/acme/chall/2562754181/561245122701/VdMSRw
[Wed Jul 30 11:27:29 UTC 2025] : validation=https://acme-v02.api.letsencrypt.org/acme/chall/2562754181/561245122701/VdMSRw
[Wed Jul 30 11:27:29 UTC 2025] : nonce=KvFqvPaFOvq1h5NHqzOn4QXZ65eBB35PsGVXsfXDKJlc-Ur-NjA
[Wed Jul 30 11:27:29 UTC 2025] : status=200
[Wed Jul 30 11:27:31 UTC 2025] : ----------------------- Doing pol check on status, counter $i=1 -----------------------
[Wed Jul 30 11:27:31 UTC 2025] : query_le_v2 "https://acme-v02.api.letsencrypt.org/acme/chall/2562754181/561245122701/VdMSRw" "{}" "KvFqvPaFOvq1h5NHqzOn4QXZ65eBB35PsGVXsfXDKJlc-Ur-NjA"
[Wed Jul 30 11:27:31 UTC 2025] : answer=HTTP/2 400 
server: nginx
date: Wed, 30 Jul 2025 11:27:31 GMT
content-type: application/problem+json
content-length: 144
boulder-requester: 2562754181
cache-control: public, max-age=0, no-cache
link: <https://acme-v02.api.letsencrypt.org/directory>;rel="index"
replay-nonce: KvFqvPaFz_2aQNAta66OD8Si456IWtENgCOTcFzs3NKEsLWV704

{
  "type": "urn:ietf:params:acme:error:malformed",
  "detail": "Unable to update challenge :: authorization must be pending",
  "status": 400
}
[Wed Jul 30 11:27:31 UTC 2025] : url2=
[Wed Jul 30 11:27:31 UTC 2025] : validation=
[Wed Jul 30 11:27:31 UTC 2025] : nonce=KvFqvPaFz_2aQNAta66OD8Si456IWtENgCOTcFzs3NKEsLWV704
[Wed Jul 30 11:27:31 UTC 2025] : status=400
[Wed Jul 30 11:27:33 UTC 2025] : ----------------------- Doing pol check on status, counter $i=2 -----------------------
[Wed Jul 30 11:27:33 UTC 2025] : query_le_v2 "https://acme-v02.api.letsencrypt.org/acme/chall/2562754181/561245122701/VdMSRw" "{}" "KvFqvPaFz_2aQNAta66OD8Si456IWtENgCOTcFzs3NKEsLWV704"
[Wed Jul 30 11:27:34 UTC 2025] : answer=HTTP/2 400 
server: nginx
date: Wed, 30 Jul 2025 11:27:34 GMT
content-type: application/problem+json
content-length: 144
boulder-requester: 2562754181
cache-control: public, max-age=0, no-cache
link: <https://acme-v02.api.letsencrypt.org/directory>;rel="index"
replay-nonce: KvFqvPaFsraousqRhTRjrySB-eCD-rCpKxgHNiPrqYQ-hNs0JVg

{
  "type": "urn:ietf:params:acme:error:malformed",
  "detail": "Unable to update challenge :: authorization must be pending",
  "status": 400
}
[Wed Jul 30 11:27:34 UTC 2025] : url2=
[Wed Jul 30 11:27:34 UTC 2025] : validation=
[Wed Jul 30 11:27:34 UTC 2025] : nonce=KvFqvPaFsraousqRhTRjrySB-eCD-rCpKxgHNiPrqYQ-hNs0JVg
[Wed Jul 30 11:27:34 UTC 2025] : status=400
[Wed Jul 30 11:27:36 UTC 2025] : ----------------------- Doing pol check on status, counter $i=3 -----------------------
[Wed Jul 30 11:27:36 UTC 2025] : query_le_v2 "https://acme-v02.api.letsencrypt.org/acme/chall/2562754181/561245122701/VdMSRw" "{}" "KvFqvPaFsraousqRhTRjrySB-eCD-rCpKxgHNiPrqYQ-hNs0JVg"
[Wed Jul 30 11:27:36 UTC 2025] : answer=HTTP/2 400 
server: nginx
date: Wed, 30 Jul 2025 11:27:36 GMT
content-type: application/problem+json
content-length: 144
boulder-requester: 2562754181
cache-control: public, max-age=0, no-cache
link: <https://acme-v02.api.letsencrypt.org/directory>;rel="index"
replay-nonce: 3UjM8xZ4igylQNOJbk6jtZ_B-YyZhRcl_X2nIjEPN3IR1tOtJ5c

{
  "type": "urn:ietf:params:acme:error:malformed",
  "detail": "Unable to update challenge :: authorization must be pending",
  "status": 400
}
[Wed Jul 30 11:27:36 UTC 2025] : url2=
[Wed Jul 30 11:27:36 UTC 2025] : validation=
[Wed Jul 30 11:27:36 UTC 2025] : nonce=3UjM8xZ4igylQNOJbk6jtZ_B-YyZhRcl_X2nIjEPN3IR1tOtJ5c
[Wed Jul 30 11:27:36 UTC 2025] : status=400
[Wed Jul 30 11:27:38 UTC 2025] : ----------------------- Doing pol check on status, counter $i=4 -----------------------
[Wed Jul 30 11:27:38 UTC 2025] : query_le_v2 "https://acme-v02.api.letsencrypt.org/acme/chall/2562754181/561245122701/VdMSRw" "{}" "3UjM8xZ4igylQNOJbk6jtZ_B-YyZhRcl_X2nIjEPN3IR1tOtJ5c"
[Wed Jul 30 11:27:39 UTC 2025] : answer=HTTP/2 400 
server: nginx
date: Wed, 30 Jul 2025 11:27:39 GMT
content-type: application/problem+json
content-length: 144
boulder-requester: 2562754181
cache-control: public, max-age=0, no-cache
link: <https://acme-v02.api.letsencrypt.org/directory>;rel="index"
replay-nonce: 3UjM8xZ4p1oiQZfDVNnHKzpMA5Br-YPiSEx6DW_iv2s_ienoX7s

{
  "type": "urn:ietf:params:acme:error:malformed",
  "detail": "Unable to update challenge :: authorization must be pending",
  "status": 400
}
[Wed Jul 30 11:27:39 UTC 2025] : url2=
[Wed Jul 30 11:27:39 UTC 2025] : validation=
[Wed Jul 30 11:27:39 UTC 2025] : nonce=3UjM8xZ4p1oiQZfDVNnHKzpMA5Br-YPiSEx6DW_iv2s_ienoX7s
[Wed Jul 30 11:27:39 UTC 2025] : status=400
[Wed Jul 30 11:27:41 UTC 2025] : ----------------------- Doing pol check on status, counter $i=5 -----------------------
[Wed Jul 30 11:27:41 UTC 2025] : query_le_v2 "https://acme-v02.api.letsencrypt.org/acme/chall/2562754181/561245122701/VdMSRw" "{}" "3UjM8xZ4p1oiQZfDVNnHKzpMA5Br-YPiSEx6DW_iv2s_ienoX7s"
[Wed Jul 30 11:27:41 UTC 2025] : answer=HTTP/2 400 
server: nginx
date: Wed, 30 Jul 2025 11:27:41 GMT
content-type: application/problem+json
content-length: 144
boulder-requester: 2562754181
cache-control: public, max-age=0, no-cache
link: <https://acme-v02.api.letsencrypt.org/directory>;rel="index"
replay-nonce: KvFqvPaF3nlnq2FhfB1Ab0BDt2WGQ46NVPuZCH7daHItX9MS1DE

{
  "type": "urn:ietf:params:acme:error:malformed",
  "detail": "Unable to update challenge :: authorization must be pending",
  "status": 400
}
[Wed Jul 30 11:27:41 UTC 2025] : url2=
[Wed Jul 30 11:27:41 UTC 2025] : validation=
[Wed Jul 30 11:27:41 UTC 2025] : nonce=KvFqvPaF3nlnq2FhfB1Ab0BDt2WGQ46NVPuZCH7daHItX9MS1DE
[Wed Jul 30 11:27:41 UTC 2025] : status=400
[Wed Jul 30 11:27:43 UTC 2025] : ----------------------- Doing pol check on status, counter $i=6 -----------------------
[Wed Jul 30 11:27:43 UTC 2025] : query_le_v2 "https://acme-v02.api.letsencrypt.org/acme/chall/2562754181/561245122701/VdMSRw" "{}" "KvFqvPaF3nlnq2FhfB1Ab0BDt2WGQ46NVPuZCH7daHItX9MS1DE"
[Wed Jul 30 11:27:44 UTC 2025] : answer=HTTP/2 400 
server: nginx
date: Wed, 30 Jul 2025 11:27:44 GMT
content-type: application/problem+json
content-length: 144
boulder-requester: 2562754181
cache-control: public, max-age=0, no-cache
link: <https://acme-v02.api.letsencrypt.org/directory>;rel="index"
replay-nonce: 3UjM8xZ44JMvSryU4OaaJi5zQWRpAysNSJqOSrzBL5E0SjWFBH8

{
  "type": "urn:ietf:params:acme:error:malformed",
  "detail": "Unable to update challenge :: authorization must be pending",
  "status": 400
}
[Wed Jul 30 11:27:44 UTC 2025] : url2=
[Wed Jul 30 11:27:44 UTC 2025] : validation=
[Wed Jul 30 11:27:44 UTC 2025] : nonce=3UjM8xZ44JMvSryU4OaaJi5zQWRpAysNSJqOSrzBL5E0SjWFBH8
[Wed Jul 30 11:27:44 UTC 2025] : status=400
[Wed Jul 30 11:27:46 UTC 2025] : ----------------------- Doing pol check on status, counter $i=7 -----------------------
[Wed Jul 30 11:27:46 UTC 2025] : query_le_v2 "https://acme-v02.api.letsencrypt.org/acme/chall/2562754181/561245122701/VdMSRw" "{}" "3UjM8xZ44JMvSryU4OaaJi5zQWRpAysNSJqOSrzBL5E0SjWFBH8"
[Wed Jul 30 11:27:46 UTC 2025] : answer=HTTP/2 400 
server: nginx
date: Wed, 30 Jul 2025 11:27:46 GMT
content-type: application/problem+json
content-length: 144
boulder-requester: 2562754181
cache-control: public, max-age=0, no-cache
link: <https://acme-v02.api.letsencrypt.org/directory>;rel="index"
replay-nonce: 3UjM8xZ4Hg_cPJ-t608_CvniltAObF2sgSH1e7duXWYqV6E_E9Q

{
  "type": "urn:ietf:params:acme:error:malformed",
  "detail": "Unable to update challenge :: authorization must be pending",
  "status": 400
}
[Wed Jul 30 11:27:46 UTC 2025] : url2=
[Wed Jul 30 11:27:46 UTC 2025] : validation=
[Wed Jul 30 11:27:46 UTC 2025] : nonce=3UjM8xZ4Hg_cPJ-t608_CvniltAObF2sgSH1e7duXWYqV6E_E9Q
[Wed Jul 30 11:27:46 UTC 2025] : status=400
[Wed Jul 30 11:27:48 UTC 2025] : ----------------------- Doing pol check on status, counter $i=8 -----------------------
[Wed Jul 30 11:27:48 UTC 2025] : query_le_v2 "https://acme-v02.api.letsencrypt.org/acme/chall/2562754181/561245122701/VdMSRw" "{}" "3UjM8xZ4Hg_cPJ-t608_CvniltAObF2sgSH1e7duXWYqV6E_E9Q"
[Wed Jul 30 11:27:49 UTC 2025] : answer=HTTP/2 400 
server: nginx
date: Wed, 30 Jul 2025 11:27:49 GMT
content-type: application/problem+json
content-length: 144
boulder-requester: 2562754181
cache-control: public, max-age=0, no-cache
link: <https://acme-v02.api.letsencrypt.org/directory>;rel="index"
replay-nonce: oks-By9RFVfcPirtvPVyjiBZd5jfLKrxXHXFic6J5JCRopBotp8

{
  "type": "urn:ietf:params:acme:error:malformed",
  "detail": "Unable to update challenge :: authorization must be pending",
  "status": 400
}
[Wed Jul 30 11:27:49 UTC 2025] : url2=
[Wed Jul 30 11:27:49 UTC 2025] : validation=
[Wed Jul 30 11:27:49 UTC 2025] : nonce=oks-By9RFVfcPirtvPVyjiBZd5jfLKrxXHXFic6J5JCRopBotp8
[Wed Jul 30 11:27:49 UTC 2025] : status=400
[Wed Jul 30 11:27:51 UTC 2025] : ----------------------- Doing pol check on status, counter $i=9 -----------------------
[Wed Jul 30 11:27:51 UTC 2025] : query_le_v2 "https://acme-v02.api.letsencrypt.org/acme/chall/2562754181/561245122701/VdMSRw" "{}" "oks-By9RFVfcPirtvPVyjiBZd5jfLKrxXHXFic6J5JCRopBotp8"
[Wed Jul 30 11:27:51 UTC 2025] : answer=HTTP/2 400 
server: nginx
date: Wed, 30 Jul 2025 11:27:51 GMT
content-type: application/problem+json
content-length: 144
boulder-requester: 2562754181
cache-control: public, max-age=0, no-cache
link: <https://acme-v02.api.letsencrypt.org/directory>;rel="index"
replay-nonce: oks-By9Rapipev1jWjr41DaTigESq1ZQ1iEjLNNVNaaDsxbQTBQ

{
  "type": "urn:ietf:params:acme:error:malformed",
  "detail": "Unable to update challenge :: authorization must be pending",
  "status": 400
}
[Wed Jul 30 11:27:51 UTC 2025] : url2=
[Wed Jul 30 11:27:51 UTC 2025] : validation=
[Wed Jul 30 11:27:51 UTC 2025] : nonce=oks-By9Rapipev1jWjr41DaTigESq1ZQ1iEjLNNVNaaDsxbQTBQ
[Wed Jul 30 11:27:51 UTC 2025] : status=400
[Wed Jul 30 11:27:53 UTC 2025] : ----------------------- Doing pol check on status, counter $i=10 -----------------------
[Wed Jul 30 11:27:53 UTC 2025] : query_le_v2 "https://acme-v02.api.letsencrypt.org/acme/chall/2562754181/561245122701/VdMSRw" "{}" "oks-By9Rapipev1jWjr41DaTigESq1ZQ1iEjLNNVNaaDsxbQTBQ"
[Wed Jul 30 11:27:54 UTC 2025] : answer=HTTP/2 400 
server: nginx
date: Wed, 30 Jul 2025 11:27:54 GMT
content-type: application/problem+json
content-length: 144
boulder-requester: 2562754181
cache-control: public, max-age=0, no-cache
link: <https://acme-v02.api.letsencrypt.org/directory>;rel="index"
replay-nonce: 3UjM8xZ4wBH07fvjOm9NVlNymnDyliAmKR1u9tW5mny_xECeFWQ

{
  "type": "urn:ietf:params:acme:error:malformed",
  "detail": "Unable to update challenge :: authorization must be pending",
  "status": 400
}
[Wed Jul 30 11:27:54 UTC 2025] : url2=
[Wed Jul 30 11:27:54 UTC 2025] : validation=
[Wed Jul 30 11:27:54 UTC 2025] : nonce=3UjM8xZ4wBH07fvjOm9NVlNymnDyliAmKR1u9tW5mny_xECeFWQ
[Wed Jul 30 11:27:54 UTC 2025] : status=400
[Wed Jul 30 11:27:56 UTC 2025] : ----------------------- Doing pol check on status, counter $i=11 -----------------------
[Wed Jul 30 11:27:56 UTC 2025] : query_le_v2 "https://acme-v02.api.letsencrypt.org/acme/chall/2562754181/561245122701/VdMSRw" "{}" "3UjM8xZ4wBH07fvjOm9NVlNymnDyliAmKR1u9tW5mny_xECeFWQ"
[Wed Jul 30 11:27:56 UTC 2025] : answer=HTTP/2 400 
server: nginx
date: Wed, 30 Jul 2025 11:27:56 GMT
content-type: application/problem+json
content-length: 144
boulder-requester: 2562754181
cache-control: public, max-age=0, no-cache
link: <https://acme-v02.api.letsencrypt.org/directory>;rel="index"
replay-nonce: KvFqvPaF4LlyCJ9SxKfzBDbzQ83-VYl2MKFt8tLdhDCM40JlMho

{
  "type": "urn:ietf:params:acme:error:malformed",
  "detail": "Unable to update challenge :: authorization must be pending",
  "status": 400
}
[Wed Jul 30 11:27:56 UTC 2025] : url2=
[Wed Jul 30 11:27:56 UTC 2025] : validation=
[Wed Jul 30 11:27:56 UTC 2025] : nonce=KvFqvPaF4LlyCJ9SxKfzBDbzQ83-VYl2MKFt8tLdhDCM40JlMho
[Wed Jul 30 11:27:56 UTC 2025] : status=400
[Wed Jul 30 11:27:58 UTC 2025] : ----------------------- Doing pol check on status, counter $i=12 -----------------------
[Wed Jul 30 11:27:58 UTC 2025] : query_le_v2 "https://acme-v02.api.letsencrypt.org/acme/chall/2562754181/561245122701/VdMSRw" "{}" "KvFqvPaF4LlyCJ9SxKfzBDbzQ83-VYl2MKFt8tLdhDCM40JlMho"
[Wed Jul 30 11:27:59 UTC 2025] : answer=HTTP/2 400 
server: nginx
date: Wed, 30 Jul 2025 11:27:59 GMT
content-type: application/problem+json
content-length: 144
boulder-requester: 2562754181
cache-control: public, max-age=0, no-cache
link: <https://acme-v02.api.letsencrypt.org/directory>;rel="index"
replay-nonce: KvFqvPaFo0o-1AqskmZkz9LEyNfl43_5nzSsdj4dEh3U8l5waO8

{
  "type": "urn:ietf:params:acme:error:malformed",
  "detail": "Unable to update challenge :: authorization must be pending",
  "status": 400
}
[Wed Jul 30 11:27:59 UTC 2025] : url2=
[Wed Jul 30 11:27:59 UTC 2025] : validation=
[Wed Jul 30 11:27:59 UTC 2025] : nonce=KvFqvPaFo0o-1AqskmZkz9LEyNfl43_5nzSsdj4dEh3U8l5waO8
[Wed Jul 30 11:27:59 UTC 2025] : status=400
[Wed Jul 30 11:28:01 UTC 2025] : ----------------------- Doing pol check on status, counter $i=13 -----------------------
[Wed Jul 30 11:28:01 UTC 2025] : query_le_v2 "https://acme-v02.api.letsencrypt.org/acme/chall/2562754181/561245122701/VdMSRw" "{}" "KvFqvPaFo0o-1AqskmZkz9LEyNfl43_5nzSsdj4dEh3U8l5waO8"
[Wed Jul 30 11:28:01 UTC 2025] : answer=HTTP/2 400 
server: nginx
date: Wed, 30 Jul 2025 11:28:01 GMT
content-type: application/problem+json
content-length: 144
boulder-requester: 2562754181
cache-control: public, max-age=0, no-cache
link: <https://acme-v02.api.letsencrypt.org/directory>;rel="index"
replay-nonce: 3UjM8xZ45b_DlxtsbAivE8UdUiH0WBIogHyoUWLa31RgtGZhPj8

{
  "type": "urn:ietf:params:acme:error:malformed",
  "detail": "Unable to update challenge :: authorization must be pending",
  "status": 400
}
[Wed Jul 30 11:28:01 UTC 2025] : url2=
[Wed Jul 30 11:28:01 UTC 2025] : validation=
[Wed Jul 30 11:28:01 UTC 2025] : nonce=3UjM8xZ45b_DlxtsbAivE8UdUiH0WBIogHyoUWLa31RgtGZhPj8
[Wed Jul 30 11:28:01 UTC 2025] : status=400
[Wed Jul 30 11:28:03 UTC 2025] : ----------------------- Doing pol check on status, counter $i=14 -----------------------
[Wed Jul 30 11:28:03 UTC 2025] : query_le_v2 "https://acme-v02.api.letsencrypt.org/acme/chall/2562754181/561245122701/VdMSRw" "{}" "3UjM8xZ45b_DlxtsbAivE8UdUiH0WBIogHyoUWLa31RgtGZhPj8"
[Wed Jul 30 11:28:04 UTC 2025] : answer=HTTP/2 400 
server: nginx
date: Wed, 30 Jul 2025 11:28:04 GMT
content-type: application/problem+json
content-length: 144
boulder-requester: 2562754181
cache-control: public, max-age=0, no-cache
link: <https://acme-v02.api.letsencrypt.org/directory>;rel="index"
replay-nonce: 3UjM8xZ4Vmi71QPcCV8lTci3-Fl286_VcYNkaSc7CnxMte25MLY

{
  "type": "urn:ietf:params:acme:error:malformed",
  "detail": "Unable to update challenge :: authorization must be pending",
  "status": 400
}
[Wed Jul 30 11:28:04 UTC 2025] : url2=
[Wed Jul 30 11:28:04 UTC 2025] : validation=
[Wed Jul 30 11:28:04 UTC 2025] : nonce=3UjM8xZ4Vmi71QPcCV8lTci3-Fl286_VcYNkaSc7CnxMte25MLY
[Wed Jul 30 11:28:04 UTC 2025] : status=400
[Wed Jul 30 11:28:06 UTC 2025] : ----------------------- Doing pol check on status, counter $i=15 -----------------------
[Wed Jul 30 11:28:06 UTC 2025] : query_le_v2 "https://acme-v02.api.letsencrypt.org/acme/chall/2562754181/561245122701/VdMSRw" "{}" "3UjM8xZ4Vmi71QPcCV8lTci3-Fl286_VcYNkaSc7CnxMte25MLY"
[Wed Jul 30 11:28:06 UTC 2025] : answer=HTTP/2 400 
server: nginx
date: Wed, 30 Jul 2025 11:28:06 GMT
content-type: application/problem+json
content-length: 144
boulder-requester: 2562754181
cache-control: public, max-age=0, no-cache
link: <https://acme-v02.api.letsencrypt.org/directory>;rel="index"
replay-nonce: oks-By9RGwg-Xj_f4CoZq3x0-wEUBFcS11vqqy0zE8dOtDTMHl0

{
  "type": "urn:ietf:params:acme:error:malformed",
  "detail": "Unable to update challenge :: authorization must be pending",
  "status": 400
}
[Wed Jul 30 11:28:06 UTC 2025] : url2=
[Wed Jul 30 11:28:06 UTC 2025] : validation=
[Wed Jul 30 11:28:06 UTC 2025] : nonce=oks-By9RGwg-Xj_f4CoZq3x0-wEUBFcS11vqqy0zE8dOtDTMHl0
[Wed Jul 30 11:28:06 UTC 2025] : status=400
[Wed Jul 30 11:28:08 UTC 2025] : ----------------------- Doing pol check on status, counter $i=16 -----------------------
[Wed Jul 30 11:28:08 UTC 2025] : query_le_v2 "https://acme-v02.api.letsencrypt.org/acme/chall/2562754181/561245122701/VdMSRw" "{}" "oks-By9RGwg-Xj_f4CoZq3x0-wEUBFcS11vqqy0zE8dOtDTMHl0"
[Wed Jul 30 11:28:09 UTC 2025] : answer=HTTP/2 400 
server: nginx
date: Wed, 30 Jul 2025 11:28:09 GMT
content-type: application/problem+json
content-length: 144
boulder-requester: 2562754181
cache-control: public, max-age=0, no-cache
link: <https://acme-v02.api.letsencrypt.org/directory>;rel="index"
replay-nonce: oks-By9R1qoQiah82pVUJClz-msjKcR6O4KJ-UDpJ8LQ9QdnSIU

{
  "type": "urn:ietf:params:acme:error:malformed",
  "detail": "Unable to update challenge :: authorization must be pending",
  "status": 400
}
[Wed Jul 30 11:28:09 UTC 2025] : url2=
[Wed Jul 30 11:28:09 UTC 2025] : validation=
[Wed Jul 30 11:28:09 UTC 2025] : nonce=oks-By9R1qoQiah82pVUJClz-msjKcR6O4KJ-UDpJ8LQ9QdnSIU
[Wed Jul 30 11:28:09 UTC 2025] : status=400
[Wed Jul 30 11:28:11 UTC 2025] : ----------------------- Doing pol check on status, counter $i=17 -----------------------
[Wed Jul 30 11:28:11 UTC 2025] : query_le_v2 "https://acme-v02.api.letsencrypt.org/acme/chall/2562754181/561245122701/VdMSRw" "{}" "oks-By9R1qoQiah82pVUJClz-msjKcR6O4KJ-UDpJ8LQ9QdnSIU"
[Wed Jul 30 11:28:11 UTC 2025] : answer=HTTP/2 400 
server: nginx
date: Wed, 30 Jul 2025 11:28:11 GMT
content-type: application/problem+json
content-length: 144
boulder-requester: 2562754181
cache-control: public, max-age=0, no-cache
link: <https://acme-v02.api.letsencrypt.org/directory>;rel="index"
replay-nonce: 3UjM8xZ4uAFIQ4RpxpnwYEe2ACFRlU0pTm1WQu9NI3eSDrzcHJY

{
  "type": "urn:ietf:params:acme:error:malformed",
  "detail": "Unable to update challenge :: authorization must be pending",
  "status": 400
}
[Wed Jul 30 11:28:11 UTC 2025] : url2=
[Wed Jul 30 11:28:11 UTC 2025] : validation=
[Wed Jul 30 11:28:11 UTC 2025] : nonce=3UjM8xZ4uAFIQ4RpxpnwYEe2ACFRlU0pTm1WQu9NI3eSDrzcHJY
[Wed Jul 30 11:28:11 UTC 2025] : status=400
[Wed Jul 30 11:28:13 UTC 2025] : ----------------------- Doing pol check on status, counter $i=18 -----------------------
[Wed Jul 30 11:28:13 UTC 2025] : query_le_v2 "https://acme-v02.api.letsencrypt.org/acme/chall/2562754181/561245122701/VdMSRw" "{}" "3UjM8xZ4uAFIQ4RpxpnwYEe2ACFRlU0pTm1WQu9NI3eSDrzcHJY"
[Wed Jul 30 11:28:14 UTC 2025] : answer=HTTP/2 400 
server: nginx
date: Wed, 30 Jul 2025 11:28:14 GMT
content-type: application/problem+json
content-length: 144
boulder-requester: 2562754181
cache-control: public, max-age=0, no-cache
link: <https://acme-v02.api.letsencrypt.org/directory>;rel="index"
replay-nonce: oks-By9RBnK3AcaRg2iB3s6ym2i3mT_M3HEMSfl0FL3351utdz0

{
  "type": "urn:ietf:params:acme:error:malformed",
  "detail": "Unable to update challenge :: authorization must be pending",
  "status": 400
}
[Wed Jul 30 11:28:14 UTC 2025] : url2=
[Wed Jul 30 11:28:14 UTC 2025] : validation=
[Wed Jul 30 11:28:14 UTC 2025] : nonce=oks-By9RBnK3AcaRg2iB3s6ym2i3mT_M3HEMSfl0FL3351utdz0
[Wed Jul 30 11:28:14 UTC 2025] : status=400
[Wed Jul 30 11:28:16 UTC 2025] : ----------------------- Doing pol check on status, counter $i=19 -----------------------
[Wed Jul 30 11:28:16 UTC 2025] : query_le_v2 "https://acme-v02.api.letsencrypt.org/acme/chall/2562754181/561245122701/VdMSRw" "{}" "oks-By9RBnK3AcaRg2iB3s6ym2i3mT_M3HEMSfl0FL3351utdz0"
[Wed Jul 30 11:28:17 UTC 2025] : answer=HTTP/2 400 
server: nginx
date: Wed, 30 Jul 2025 11:28:16 GMT
content-type: application/problem+json
content-length: 144
boulder-requester: 2562754181
cache-control: public, max-age=0, no-cache
link: <https://acme-v02.api.letsencrypt.org/directory>;rel="index"
replay-nonce: KvFqvPaF3cK2jqKUsO230XyzSAWdUGKDQV2PMDWxRNKopQgyxGk

{
  "type": "urn:ietf:params:acme:error:malformed",
  "detail": "Unable to update challenge :: authorization must be pending",
  "status": 400
}
[Wed Jul 30 11:28:17 UTC 2025] : url2=
[Wed Jul 30 11:28:17 UTC 2025] : validation=
[Wed Jul 30 11:28:17 UTC 2025] : nonce=KvFqvPaF3cK2jqKUsO230XyzSAWdUGKDQV2PMDWxRNKopQgyxGk
[Wed Jul 30 11:28:17 UTC 2025] : status=400
[Wed Jul 30 11:28:19 UTC 2025] : ----------------------- Doing pol check on status, counter $i=20 -----------------------
[Wed Jul 30 11:28:19 UTC 2025] : query_le_v2 "https://acme-v02.api.letsencrypt.org/acme/chall/2562754181/561245122701/VdMSRw" "{}" "KvFqvPaF3cK2jqKUsO230XyzSAWdUGKDQV2PMDWxRNKopQgyxGk"
[Wed Jul 30 11:28:19 UTC 2025] : answer=HTTP/2 400 
server: nginx
date: Wed, 30 Jul 2025 11:28:19 GMT
content-type: application/problem+json
content-length: 144
boulder-requester: 2562754181
cache-control: public, max-age=0, no-cache
link: <https://acme-v02.api.letsencrypt.org/directory>;rel="index"
replay-nonce: KvFqvPaFIxY2CtsBaFVthleBbgRCQ4QhSCyGYr6dtWk6wKI8_w8

{
  "type": "urn:ietf:params:acme:error:malformed",
  "detail": "Unable to update challenge :: authorization must be pending",
  "status": 400
}
[Wed Jul 30 11:28:19 UTC 2025] : url2=
[Wed Jul 30 11:28:19 UTC 2025] : validation=
[Wed Jul 30 11:28:19 UTC 2025] : nonce=KvFqvPaFIxY2CtsBaFVthleBbgRCQ4QhSCyGYr6dtWk6wKI8_w8
[Wed Jul 30 11:28:19 UTC 2025] : status=400
[Wed Jul 30 11:28:21 UTC 2025] : ----------------------- Doing pol check on status, counter $i=21 -----------------------
[Wed Jul 30 11:28:21 UTC 2025] : query_le_v2 "https://acme-v02.api.letsencrypt.org/acme/chall/2562754181/561245122701/VdMSRw" "{}" "KvFqvPaFIxY2CtsBaFVthleBbgRCQ4QhSCyGYr6dtWk6wKI8_w8"
[Wed Jul 30 11:28:22 UTC 2025] : answer=HTTP/2 400 
server: nginx
date: Wed, 30 Jul 2025 11:28:22 GMT
content-type: application/problem+json
content-length: 144
boulder-requester: 2562754181
cache-control: public, max-age=0, no-cache
link: <https://acme-v02.api.letsencrypt.org/directory>;rel="index"
replay-nonce: oks-By9RQaepO2feGM6codseF40K98tnv_0eE_3RdoZmQHsAf3s

{
  "type": "urn:ietf:params:acme:error:malformed",
  "detail": "Unable to update challenge :: authorization must be pending",
  "status": 400
}
[Wed Jul 30 11:28:22 UTC 2025] : url2=
[Wed Jul 30 11:28:22 UTC 2025] : validation=
[Wed Jul 30 11:28:22 UTC 2025] : nonce=oks-By9RQaepO2feGM6codseF40K98tnv_0eE_3RdoZmQHsAf3s
[Wed Jul 30 11:28:22 UTC 2025] : status=400
[Wed Jul 30 11:28:24 UTC 2025] : ----------------------- Doing pol check on status, counter $i=22 -----------------------
[Wed Jul 30 11:28:24 UTC 2025] : query_le_v2 "https://acme-v02.api.letsencrypt.org/acme/chall/2562754181/561245122701/VdMSRw" "{}" "oks-By9RQaepO2feGM6codseF40K98tnv_0eE_3RdoZmQHsAf3s"
[Wed Jul 30 11:28:24 UTC 2025] : answer=HTTP/2 400 
server: nginx
date: Wed, 30 Jul 2025 11:28:24 GMT
content-type: application/problem+json
content-length: 144
boulder-requester: 2562754181
cache-control: public, max-age=0, no-cache
link: <https://acme-v02.api.letsencrypt.org/directory>;rel="index"
replay-nonce: oks-By9RwdzgeP4az9lpxPZ0tapLwiyAVUzWY4N0gLdfMPRsIBY

{
  "type": "urn:ietf:params:acme:error:malformed",
  "detail": "Unable to update challenge :: authorization must be pending",
  "status": 400
}
[Wed Jul 30 11:28:24 UTC 2025] : url2=
[Wed Jul 30 11:28:24 UTC 2025] : validation=
[Wed Jul 30 11:28:24 UTC 2025] : nonce=oks-By9RwdzgeP4az9lpxPZ0tapLwiyAVUzWY4N0gLdfMPRsIBY
[Wed Jul 30 11:28:24 UTC 2025] : status=400
[Wed Jul 30 11:28:26 UTC 2025] : ----------------------- Doing pol check on status, counter $i=23 -----------------------
[Wed Jul 30 11:28:26 UTC 2025] : query_le_v2 "https://acme-v02.api.letsencrypt.org/acme/chall/2562754181/561245122701/VdMSRw" "{}" "oks-By9RwdzgeP4az9lpxPZ0tapLwiyAVUzWY4N0gLdfMPRsIBY"
[Wed Jul 30 11:28:27 UTC 2025] : answer=HTTP/2 400 
server: nginx
date: Wed, 30 Jul 2025 11:28:27 GMT
content-type: application/problem+json
content-length: 144
boulder-requester: 2562754181
cache-control: public, max-age=0, no-cache
link: <https://acme-v02.api.letsencrypt.org/directory>;rel="index"
replay-nonce: 3UjM8xZ4cb5BhEtMnqUEfIz096ZWAPArFKQSzQ6edJQI2VkBWxE

{
  "type": "urn:ietf:params:acme:error:malformed",
  "detail": "Unable to update challenge :: authorization must be pending",
  "status": 400
}
[Wed Jul 30 11:28:27 UTC 2025] : url2=
[Wed Jul 30 11:28:27 UTC 2025] : validation=
[Wed Jul 30 11:28:27 UTC 2025] : nonce=3UjM8xZ4cb5BhEtMnqUEfIz096ZWAPArFKQSzQ6edJQI2VkBWxE
[Wed Jul 30 11:28:27 UTC 2025] : status=400
[Wed Jul 30 11:28:29 UTC 2025] : ----------------------- Doing pol check on status, counter $i=24 -----------------------
[Wed Jul 30 11:28:29 UTC 2025] : query_le_v2 "https://acme-v02.api.letsencrypt.org/acme/chall/2562754181/561245122701/VdMSRw" "{}" "3UjM8xZ4cb5BhEtMnqUEfIz096ZWAPArFKQSzQ6edJQI2VkBWxE"
[Wed Jul 30 11:28:29 UTC 2025] : answer=HTTP/2 400 
server: nginx
date: Wed, 30 Jul 2025 11:28:29 GMT
content-type: application/problem+json
content-length: 144
boulder-requester: 2562754181
cache-control: public, max-age=0, no-cache
link: <https://acme-v02.api.letsencrypt.org/directory>;rel="index"
replay-nonce: var7yfTFxnPXBF-N-78TxweRrV7YdjHnq3xj7k_DS4cDMCmVUds

{
  "type": "urn:ietf:params:acme:error:malformed",
  "detail": "Unable to update challenge :: authorization must be pending",
  "status": 400
}
[Wed Jul 30 11:28:29 UTC 2025] : url2=
[Wed Jul 30 11:28:29 UTC 2025] : validation=
[Wed Jul 30 11:28:29 UTC 2025] : nonce=var7yfTFxnPXBF-N-78TxweRrV7YdjHnq3xj7k_DS4cDMCmVUds
[Wed Jul 30 11:28:29 UTC 2025] : status=400
[Wed Jul 30 11:28:31 UTC 2025] : ----------------------- Doing pol check on status, counter $i=25 -----------------------
[Wed Jul 30 11:28:31 UTC 2025] : query_le_v2 "https://acme-v02.api.letsencrypt.org/acme/chall/2562754181/561245122701/VdMSRw" "{}" "var7yfTFxnPXBF-N-78TxweRrV7YdjHnq3xj7k_DS4cDMCmVUds"
[Wed Jul 30 11:28:32 UTC 2025] : answer=HTTP/2 400 
server: nginx
date: Wed, 30 Jul 2025 11:28:32 GMT
content-type: application/problem+json
content-length: 144
boulder-requester: 2562754181
cache-control: public, max-age=0, no-cache
link: <https://acme-v02.api.letsencrypt.org/directory>;rel="index"
replay-nonce: 3UjM8xZ43DW_xBjrOSgFNw9R41IcA4iYvxEmsU0l4E48QaFdJQQ

{
  "type": "urn:ietf:params:acme:error:malformed",
  "detail": "Unable to update challenge :: authorization must be pending",
  "status": 400
}
[Wed Jul 30 11:28:32 UTC 2025] : url2=
[Wed Jul 30 11:28:32 UTC 2025] : validation=
[Wed Jul 30 11:28:32 UTC 2025] : nonce=3UjM8xZ43DW_xBjrOSgFNw9R41IcA4iYvxEmsU0l4E48QaFdJQQ
[Wed Jul 30 11:28:32 UTC 2025] : status=400
[Wed Jul 30 11:28:34 UTC 2025] : ----------------------- Doing pol check on status, counter $i=26 -----------------------
[Wed Jul 30 11:28:34 UTC 2025] : query_le_v2 "https://acme-v02.api.letsencrypt.org/acme/chall/2562754181/561245122701/VdMSRw" "{}" "3UjM8xZ43DW_xBjrOSgFNw9R41IcA4iYvxEmsU0l4E48QaFdJQQ"
[Wed Jul 30 11:28:34 UTC 2025] : answer=HTTP/2 400 
server: nginx
date: Wed, 30 Jul 2025 11:28:34 GMT
content-type: application/problem+json
content-length: 144
boulder-requester: 2562754181
cache-control: public, max-age=0, no-cache
link: <https://acme-v02.api.letsencrypt.org/directory>;rel="index"
replay-nonce: oks-By9R1eZ-kwkCXMmssepmeGbY0qzvX6y3BNAJ6BT8zsKGCgM

{
  "type": "urn:ietf:params:acme:error:malformed",
  "detail": "Unable to update challenge :: authorization must be pending",
  "status": 400
}
[Wed Jul 30 11:28:34 UTC 2025] : url2=
[Wed Jul 30 11:28:34 UTC 2025] : validation=
[Wed Jul 30 11:28:34 UTC 2025] : nonce=oks-By9R1eZ-kwkCXMmssepmeGbY0qzvX6y3BNAJ6BT8zsKGCgM
[Wed Jul 30 11:28:34 UTC 2025] : status=400
[Wed Jul 30 11:28:36 UTC 2025] : ----------------------- Doing pol check on status, counter $i=27 -----------------------
[Wed Jul 30 11:28:36 UTC 2025] : query_le_v2 "https://acme-v02.api.letsencrypt.org/acme/chall/2562754181/561245122701/VdMSRw" "{}" "oks-By9R1eZ-kwkCXMmssepmeGbY0qzvX6y3BNAJ6BT8zsKGCgM"
[Wed Jul 30 11:28:37 UTC 2025] : answer=HTTP/2 400 
server: nginx
date: Wed, 30 Jul 2025 11:28:37 GMT
content-type: application/problem+json
content-length: 144
boulder-requester: 2562754181
cache-control: public, max-age=0, no-cache
link: <https://acme-v02.api.letsencrypt.org/directory>;rel="index"
replay-nonce: oks-By9Rwbfm_tsDs673SdZ8aHVmoVv1j2H_gHA1XnOULcDAt1E

{
  "type": "urn:ietf:params:acme:error:malformed",
  "detail": "Unable to update challenge :: authorization must be pending",
  "status": 400
}
[Wed Jul 30 11:28:37 UTC 2025] : url2=
[Wed Jul 30 11:28:37 UTC 2025] : validation=
[Wed Jul 30 11:28:37 UTC 2025] : nonce=oks-By9Rwbfm_tsDs673SdZ8aHVmoVv1j2H_gHA1XnOULcDAt1E
[Wed Jul 30 11:28:37 UTC 2025] : status=400
[Wed Jul 30 11:28:39 UTC 2025] : ----------------------- Doing pol check on status, counter $i=28 -----------------------
[Wed Jul 30 11:28:39 UTC 2025] : query_le_v2 "https://acme-v02.api.letsencrypt.org/acme/chall/2562754181/561245122701/VdMSRw" "{}" "oks-By9Rwbfm_tsDs673SdZ8aHVmoVv1j2H_gHA1XnOULcDAt1E"
[Wed Jul 30 11:28:39 UTC 2025] : answer=HTTP/2 400 
server: nginx
date: Wed, 30 Jul 2025 11:28:39 GMT
content-type: application/problem+json
content-length: 144
boulder-requester: 2562754181
cache-control: public, max-age=0, no-cache
link: <https://acme-v02.api.letsencrypt.org/directory>;rel="index"
replay-nonce: KvFqvPaFeW5xz_kfQyubwMqVwc_SKWAdTNpp8rk78AGlCz8XpyM

{
  "type": "urn:ietf:params:acme:error:malformed",
  "detail": "Unable to update challenge :: authorization must be pending",
  "status": 400
}
[Wed Jul 30 11:28:39 UTC 2025] : url2=
[Wed Jul 30 11:28:39 UTC 2025] : validation=
[Wed Jul 30 11:28:39 UTC 2025] : nonce=KvFqvPaFeW5xz_kfQyubwMqVwc_SKWAdTNpp8rk78AGlCz8XpyM
[Wed Jul 30 11:28:39 UTC 2025] : status=400
[Wed Jul 30 11:28:41 UTC 2025] : ----------------------- Doing pol check on status, counter $i=29 -----------------------
[Wed Jul 30 11:28:41 UTC 2025] : query_le_v2 "https://acme-v02.api.letsencrypt.org/acme/chall/2562754181/561245122701/VdMSRw" "{}" "KvFqvPaFeW5xz_kfQyubwMqVwc_SKWAdTNpp8rk78AGlCz8XpyM"
[Wed Jul 30 11:28:42 UTC 2025] : answer=HTTP/2 400 
server: nginx
date: Wed, 30 Jul 2025 11:28:42 GMT
content-type: application/problem+json
content-length: 144
boulder-requester: 2562754181
cache-control: public, max-age=0, no-cache
link: <https://acme-v02.api.letsencrypt.org/directory>;rel="index"
replay-nonce: KvFqvPaFV8zC4Wsp6UergmcPkek18j0BA8JCBMqS-0SJ8C6m8eA

{
  "type": "urn:ietf:params:acme:error:malformed",
  "detail": "Unable to update challenge :: authorization must be pending",
  "status": 400
}
[Wed Jul 30 11:28:42 UTC 2025] : url2=
[Wed Jul 30 11:28:42 UTC 2025] : validation=
[Wed Jul 30 11:28:42 UTC 2025] : nonce=KvFqvPaFV8zC4Wsp6UergmcPkek18j0BA8JCBMqS-0SJ8C6m8eA
[Wed Jul 30 11:28:42 UTC 2025] : status=400
[Wed Jul 30 11:28:44 UTC 2025] : ----------------------- Doing pol check on status, counter $i=30 -----------------------
[Wed Jul 30 11:28:44 UTC 2025] : query_le_v2 "https://acme-v02.api.letsencrypt.org/acme/chall/2562754181/561245122701/VdMSRw" "{}" "KvFqvPaFV8zC4Wsp6UergmcPkek18j0BA8JCBMqS-0SJ8C6m8eA"
[Wed Jul 30 11:28:44 UTC 2025] : answer=HTTP/2 400 
server: nginx
date: Wed, 30 Jul 2025 11:28:44 GMT
content-type: application/problem+json
content-length: 144
boulder-requester: 2562754181
cache-control: public, max-age=0, no-cache
link: <https://acme-v02.api.letsencrypt.org/directory>;rel="index"
replay-nonce: oks-By9RIqy7BWdB88VVe_cUm_kpH7dkQgYmO4REnz5hq_jkHTU

{
  "type": "urn:ietf:params:acme:error:malformed",
  "detail": "Unable to update challenge :: authorization must be pending",
  "status": 400
}
[Wed Jul 30 11:28:44 UTC 2025] : url2=
[Wed Jul 30 11:28:44 UTC 2025] : validation=
[Wed Jul 30 11:28:44 UTC 2025] : nonce=oks-By9RIqy7BWdB88VVe_cUm_kpH7dkQgYmO4REnz5hq_jkHTU
[Wed Jul 30 11:28:44 UTC 2025] : status=400
[Wed Jul 30 11:28:44 UTC 2025] : EXIT=Let's Encrypt validation status 400
