ID='1' DATE='2025-07-17' TIME='11:37:59' CMD='added system user admin' UNDO=''
ID='2' DATE='2025-07-17' TIME='11:37:59' CMD='changed admin shell to bash' UNDO=''
ID='3' DATE='2025-07-17' TIME='11:37:59' CMD='changed language to en' UNDO='no'
ID='4' DATE='2025-07-17' TIME='11:37:59' CMD='added system ip address 209.38.240.28' UNDO=''
ID='5' DATE='2025-07-17' TIME='11:38:00' CMD='added system ip address 10.114.0.20' UNDO=''
ID='6' DATE='2025-07-17' TIME='11:38:23' CMD='enabled ssl support for hostcontrolhq-node2.example.com' UNDO='no'
ID='7' DATE='2025-07-17' TIME='11:38:19' CMD='added web domain hostcontrolhq-node2.example.com' UNDO='no'
ID='8' DATE='2025-07-17' TIME='11:38:23' CMD='added dns domain hostcontrolhq-node2.example.com' UNDO='no'
ID='9' DATE='2025-07-17' TIME='11:38:24' CMD='added TXT dns record _domainkey for hostcontrolhq-node2.example.com' UNDO='no'
ID='10' DATE='2025-07-17' TIME='11:38:24' CMD='added TXT dns record mail._domainkey for hostcontrolhq-node2.example.com' UNDO='no'
ID='11' DATE='2025-07-17' TIME='11:38:23' CMD='added mail domain hostcontrolhq-node2.example.com' UNDO='no'
ID='12' DATE='2025-07-17' TIME='11:38:25' CMD='added A dns record ns1 for hostcontrolhq-node2.example.com' UNDO='no'
ID='13' DATE='2025-07-17' TIME='11:38:25' CMD='added A dns record ns2 for hostcontrolhq-node2.example.com' UNDO='no'
ID='14' DATE='2025-07-17' TIME='11:38:26' CMD='added cron job 1' UNDO='no'
ID='15' DATE='2025-07-17' TIME='11:38:26' CMD='added cron job 2' UNDO='no'
ID='16' DATE='2025-07-17' TIME='11:38:26' CMD='added cron job 3' UNDO='no'
ID='17' DATE='2025-07-17' TIME='11:38:27' CMD='added cron job 4' UNDO='no'
ID='18' DATE='2025-07-17' TIME='11:38:27' CMD='added cron job 5' UNDO='no'
ID='19' DATE='2025-07-17' TIME='11:38:27' CMD='added cron job 6' UNDO='no'
ID='20' DATE='2025-07-17' TIME='11:38:27' CMD='added cron job 7' UNDO='no'
ID='21' DATE='2025-07-17' TIME='11:38:32' CMD='added cron job 8' UNDO='no'
ID='22' DATE='2025-07-30' TIME='11:16:42' CMD='enabled ssl support for test1.com' UNDO='no'
ID='23' DATE='2025-07-30' TIME='11:16:37' CMD='added web domain test1.com' UNDO='no'
ID='24' DATE='2025-07-30' TIME='11:20:30' CMD='enabled ssl support for test2.com' UNDO='no'
ID='25' DATE='2025-07-30' TIME='11:20:24' CMD='added web domain test2.com' UNDO='no'
ID='26' DATE='2025-07-30' TIME='11:20:30' CMD='added dns domain test2.com' UNDO='no'
ID='27' DATE='2025-07-30' TIME='11:20:31' CMD='added TXT dns record _domainkey for test2.com' UNDO='no'
ID='28' DATE='2025-07-30' TIME='11:20:31' CMD='added TXT dns record mail._domainkey for test2.com' UNDO='no'
ID='29' DATE='2025-07-30' TIME='11:20:30' CMD='added mail domain test2.com' UNDO='no'
ID='30' DATE='2025-07-30' TIME='11:28:50' CMD='added mysql database admin_test1_com' UNDO='no'
